
 ⛅️ wrangler 4.106.0
────────────────────
Total Upload: 10013.23 KiB / gzip: 2705.88 KiB
Your Worker has access to the following bindings:
Binding                   Resource            
env.WASM_DO (WasmDO)      Durable Object      

Uploaded k8flare-verify-s8-resident (4.44 sec)
Deployed k8flare-verify-s8-resident triggers (0.84 sec)
  https://k8flare-verify-s8-resident.kooffice.workers.dev
Current Version ID: 9122afb8-b4d5-4456-9f8a-5147f10c73e4

 ⛅️ wrangler 4.106.0
────────────────────
Total Upload: 10013.31 KiB / gzip: 2705.92 KiB
Your Worker has access to the following bindings:
Binding                   Resource            
env.WASM_DO (WasmDO)      Durable Object      

Uploaded k8flare-verify-s8-resident (4.99 sec)
Deployed k8flare-verify-s8-resident triggers (1.12 sec)
  https://k8flare-verify-s8-resident.kooffice.workers.dev
Current Version ID: 34de732f-7758-40ba-805b-a537dabeec4c
